- costPerUnit:
    currencyCode: USD
    microAmount: 1250000
  costType: VCPM
  creativePlaceholders:
  - size:
      height: 20
      width: 1000
  creativeRotationType: EVEN
  endDateTime: 2020-12-17 21:28:00+00:00
  id: 8001
  lineItemType: STANDARD
  name: Prebid-InteractiveOffers-banner-01/02/2020-08:09:10 @ 1.25
  orderId: 6001
  primaryGoal:
    goalType: LIFETIME
    unitType: VIEWABLE_IMPRESSIONS
    units: 12345678
  startDateTime: IMMEDIATELY
  startDateTimeType: IMMEDIATELY
  targeting:
    customTargeting:
      children:
      - keyId: 7201
        operator: IS
        valueIds:
        - 7401
        xsi_type: CustomCriteria
      logicalOperator: AND
      xsi_type: CustomCriteriaSet
    inventoryTargeting:
      targetedAdUnits:
      - 1511
      targetedPlacementIds: null
- costPerUnit:
    currencyCode: USD
    microAmount: 1500000
  costType: VCPM
  creativePlaceholders:
  - size:
      height: 20
      width: 1000
  creativeRotationType: EVEN
  endDateTime: 2020-12-17 21:28:00+00:00
  id: 8002
  lineItemType: STANDARD
  name: Prebid-InteractiveOffers-banner-01/02/2020-08:09:10 @ 1.50
  orderId: 6001
  primaryGoal:
    goalType: LIFETIME
    unitType: VIEWABLE_IMPRESSIONS
    units: 12345678
  startDateTime: IMMEDIATELY
  startDateTimeType: IMMEDIATELY
  targeting:
    customTargeting:
      children:
      - keyId: 7201
        operator: IS
        valueIds:
        - 7402
        xsi_type: CustomCriteria
      logicalOperator: AND
      xsi_type: CustomCriteriaSet
    inventoryTargeting:
      targetedAdUnits:
      - 1511
      targetedPlacementIds: null
