### Header (000010e4-000010e7)
major  =1
minor  =0
hdrSize=4
offSize=2
### Name INDEX (000010e8-00001105)
--- object[index]={value}
[0]={SourceHanSansAJ16-Regular}
### Top DICT INDEX (00001106-00001140)
--- object[index]={value}
[0]={
  391 392 0 ROS
  393 Notice
  394 FullName
  395 FamilyName
  388 Weight
  -150 UnderlinePosition
  0 -120 977 880 FontBBox
  1 CIDFontVersion
  1144 CIDCount
  479 charset
  491 CharStrings
  486 FDIndex
  1163 FDArray
}
### String INDEX (00001141-000012c0)
--- object[index]={value}
[391]={Adobe}
[392]={Japan1}
[393]={Copyright 2014-2018 Adobe Systems Incorporated (http://www.adobe.com/), with Reserved Font Name 'Source'. Source is a trademark of Adobe Systems Incorporated in the United States and/or other countries.}
[394]={Source Han Sans AJ16 Regular}
[395]={Source Han Sans AJ16}
[396]={SourceHanSansAJ16-Regular-Generic}
[397]={SourceHanSansAJ16-Regular-Kanji}
[398]={SourceHanSansAJ16-Regular-Proportional}
### GlobalSubrINDEX (000012c1-000012c2)
empty
### Charset (000012c3-000012c9)
format=0
--- glyph[gid]=cid
[1]=1
[2]=1125
[3]=1143
### FDSelect (000012ca-000012ce)
format =0
--- glyph[gid]=fd
[0]=0
[1]=2
[2]=1
[3]=1
### FDArray INDEX (0000156f-00001590)
--- object[index]={value}
[0]={
  396 FontName
  26 1197 Private
}
[1]={
  397 FontName
  28 1223 Private
}
[2]={
  398 FontName
  30 1251 Private
}
### CharStrings INDEX (000012cf-0000156e)
--- object[index]={value}
[0]={
  -120 50 859 91 -50 50 hstemhm
  100 50 700 50 hintmask[B8]
  100 -120 rmoveto
  800 1000 -800 hlineto
  400 -459 rmoveto
  -318 409 rlineto
  636 hlineto
  -286 -450 rmoveto
  hintmask[D8]
  318 409 rlineto
  -818 vlineto
  -668 -41 rmoveto
  318 409 318 -409 rlineto
  -668 859 rmoveto
  318 -409 -318 -409 rlineto
  endchar
}
[1]={
  endchar
}
[2]={
  -36 68 179 67 221 67 139 68 hstem
  124 70 148 73 156 71 156 73 cntrmask[FF]
  415 211 rmoveto
  156 -179 -156 hlineto
  -221 246 rmoveto
  221 148 -221 vlineto
  73 427 rmoveto
  156 -139 -156 hlineto
  156 -288 rmoveto
  -156 221 156 hlineto
  227 hmoveto
  -221 -156 221 vlineto
  -467 vmoveto
  179 156 -33 73 388 -229 139 278 68 -839 -68 261 -139 -218 -391 70 36 148 -179 -290 -68 897 68 vlineto
  endchar
}
[3]={
  201 62 103 58 30 63 7 61 16 58.5 -51.5 59 -50 50 21 59 hstemhm
  101 59 -52 54 31 65 -22 55 29 50 2 61 cntrmask[D194]
  hintmask[4068]
  86 -77 rmoveto
  49 50 17 87 10 83 -54 13 rcurveline
  -8 -78 -18 -80 -45 -45 rrcurveto
  156 194 rmoveto
  11 -59 4 -74 -4 -49 54 7 rcurveline
  2 49 -5 74 -12 59 rrcurveto
  36 -6 rmoveto
  20 -53 17 -70 4 -46 50 11 rcurveline
  -4 46 -18 70 -21 52 rrcurveto
  42 -2 rmoveto
  24 -44 25 -61 9 -39 49 20 rcurveline
  -10 38 -26 59 -26 44 rrcurveto
  448 14 rmoveto
  -69 -106 -146 -67 -178 -32 13 -15 15 -24 8 -17 192 41 152 75 75 125 rrcurveto
  -153 110 rmoveto
  -52 -60 -100 -57 -93 -31 14 -12 16 -19 10 -14 99 38 102 62 60 73 rrcurveto
  -129 122 rmoveto
  -39 -47 -71 -50 -61 -30 16 -9 17 -16 11 -13 62 34 73 54 45 57 rrcurveto
  hintmask[D194]
  -379 65 rmoveto
  -81 100 81 hlineto
  -261 vmoveto
  -81 103 81 hlineto
  -212 hmoveto
  76 -103 -76 hlineto
  76 261 rmoveto
  -100 -76 100 vlineto
  142 164 rmoveto
  -14 -35 -17 -39 -17 -29 rrcurveto
  -100 hlineto
  17 34 16 34 13 35 rrcurveto
  hintmask[2404]
  760 -234 rmoveto
  63 -281 vlineto
  11 28 9 30 7 32 -5 1 rcurveline
  hintmask[0204]
  56 3 59 3 59 3 12 -16 10 -16 7 -14 59 32 rcurveline
  -27 51 -65 66 -58 47 -55 -30 rcurveline
  24 -20 25 -23 22 -23 -215 -8 rcurveline
  32 46 34 55 28 49 -76 23 rcurveline
  hintmask[2804]
  -20 -52 -36 -70 -33 -53 -87 -3 rcurveline
  7 -61 176 8 -7 -31 -10 -29 -11 -28 rlinecurve
  -155 -63 123 hlineto
  -37 -63 -49 -51 -60 -38 rrcurveto
  hintmask[9184]
  283 -113 vlineto
  25 42 25 50 18 45 -43 29 rcurveline
  -13 -4 rlineto
  -112 hlineto
  9 27 8 27 6 26 -68 10 rcurveline
  -22 -94 -44 -123 -71 -93 16 -8 25 -19 12 -16 10 14 rcurveline
  -297 332 87 vlineto
  13 -12 17 -17 7 -10 rrcurveto
  hintmask[2004]
  76 50 61 68 44 87 rrcurveto
  93 hlineto
  40 -84 72 -86 69 -45 10 17 22 24 14 11 -59 33 -63 65 -39 65 rrcurveto
  endchar
}
--- FD[0]
### Private DICT (00001591-000015aa)
  -250 0 1350 0 BlueValues
  40 StdHW
  40 StdVW
  40 80 StemSnapH
  40 80 StemSnapV
  1 LanguageGroup
  1000 defaultWidthX
--- FD[1]
### Private DICT (000015ab-000015c6)
  -250 0 1350 0 BlueValues
  58 StdHW
  63 StdVW
  58 7 19 StemSnapH
  63 10 16 StemSnapV
  1 LanguageGroup
  1000 defaultWidthX
--- FD[2]
### Private DICT (000015c7-000015e4)
  -13 13 543 14 176 14 BlueValues
  -250 21 OtherBlues
  69 StdHW
  85 StdVW
  69 10 9 StemSnapH
  85 10 16 StemSnapV
  224 defaultWidthX
